// Jest Snapshot v1, https://goo.gl/fbAQLP

exports[`Button match snap 1`] = `
<View
  accessibilityState={
    {
      "busy": undefined,
      "checked": undefined,
      "disabled": undefined,
      "expanded": undefined,
      "selected": undefined,
    }
  }
  accessibilityValue={
    {
      "max": undefined,
      "min": undefined,
      "now": undefined,
      "text": undefined,
    }
  }
  accessible={true}
  collapsable={false}
  focusable={true}
  onClick={[Function]}
  onResponderGrant={[Function]}
  onResponderMove={[Function]}
  onResponderRelease={[Function]}
  onResponderTerminate={[Function]}
  onResponderTerminationRequest={[Function]}
  onStartShouldSetResponder={[Function]}
  style={
    {
      "alignSelf": "center",
      "backgroundColor": "#0F52BA",
      "borderRadius": 5,
      "marginHorizontal": 4,
      "marginVertical": 2,
      "opacity": 1,
      "paddingHorizontal": 20,
      "paddingVertical": 7,
    }
  }
  testID="btnContainer"
>
  <Text
    style={
      {
        "color": "#FFF",
        "fontSize": 17,
      }
    }
    testID="btnText"
  >
    Submit
  </Text>
</View>
`;
